[38;2;18;199;143m●[m [38;2;133;131;146mTitle Only[m [38;2;96;95;107m[m