[38;2;18;199;143mâœ“[m [38;2;133;131;146mSuccess[m [38;2;96;95;107mOperation completed successfully[m